Microchip MPLAB XC8 Compiler V2.10 ()

Linker command line:

-W-3 --edf=C:\Program Files (x86)\Microchip\xc8\v2.10\pic\dat\en_msgs.txt \
  -cs -h+dist/default/production\CalculadoraLCD.X.production.sym \
  --cmf=dist/default/production\CalculadoraLCD.X.production.cmf -z -Q18F452 \
  -oC:\Users\vanad\AppData\Local\Temp\s4co.2 --defsym=__MPLAB_BUILD=1 \
  -Mdist/default/production/CalculadoraLCD.X.production.map -E1 -ver=XC8 \
  --acfsm=1493 -ASTACK=0131h-05FFh -pstack=STACK -ACODE=00h-03FFFhx2 \
  -ACONST=00h-07FFFh -ASMALLCONST=0600h-06FFhx122 \
  -AMEDIUMCONST=0600h-07FFFh -ACOMRAM=01h-07Fh -AABS1=00h-05FFh \
  -ABIGRAM=01h-05FFh -ARAM=080h-0FFh,0100h-01FFhx5 -ABANK0=080h-0FFh \
  -ABANK1=0100h-01FFh -ABANK2=0200h-02FFh -ABANK3=0300h-03FFh \
  -ABANK4=0400h-04FFh -ABANK5=0500h-05FFh -ASFR=0F80h-0FFFh \
  -preset_vec=00h,intcode,intcodelo,powerup,init -pramtop=0600h \
  -psmallconst=SMALLCONST -pmediumconst=MEDIUMCONST -pconst=CONST \
  -AFARRAM=00h-00h -ACONFIG=0300000h-030000Dh -pconfig=CONFIG \
  -AIDLOC=0200000h-0200007h -pidloc=IDLOC -AEEDATA=0F00000h-0F000FFh \
  -peeprom_data=EEDATA \
  -prdata=COMRAM,nvrram=COMRAM,nvbit=COMRAM,rbss=COMRAM,rbit=COMRAM \
  -pfarbss=FARRAM,fardata=FARRAM,nvFARRAM=FARRAM \
  -pintsave_regs=BIGRAM,bigbss=BIGRAM,bigdata=BIGRAM -pbss=RAM \
  -pidata=CODE,irdata=CODE,ibigdata=CODE,ifardata=CODE -prparam=COMRAM \
  C:\Users\vanad\AppData\Local\Temp\s4co.o \
  dist/default/production\CalculadoraLCD.X.production.o 

Object code version is 3.11

Machine type is 18F452

Call graph: (short form)




                Name                               Link     Load   Length Selector   Space Scale
C:\Users\vanad\AppData\Local\Temp\s4co.o
                text                                  8        8        2        4       0
                init                                  2        2        4        0       0
                reset_vec                             0        0        2        0       0
                idloc                            200000   200000        8   200000       0
                config                           300000   300000        E   300000       0
dist/default/production\CalculadoraLCD.X.production.o
                mediumconst                        7D9C     7D9C      264     3ECE       0
                text37                             6792     6792       76     33C9       0
                text36                             659A     659A       3A     32CD       0
                text35                             6514     6514       14     328A       0
                text34                             6720     6720       72     3390       0
                text33                             6528     6528       24     3294       0
                text32                             6A74     6A74       C2     353A       0
                text31                             6EF2     6EF2      128     3779       0
                text30                             6652     6652       42     3329       0
                text29                             1770     1770      5A8      BB8       0
                text28                             66D6     66D6       4A     336B       0
                text27                             701A     701A      136     380D       0
                text26                             69B6     69B6       BE     34DB       0
                text25                             6914     6914       A2     348A       0
                text24                             6570     6570       2A     32B8       0
                text23                             78C0     78C0      1F8     3C60       0
                text22                             7408     7408      180     3A04       0
                text21                             7588     7588      18A     3AC4       0
                text20                             12CC     12CC      4A4      966       0
                text19                             6886     6886       8E     3443       0
                text18                             6808     6808       7E     3404       0
                text17                             7AB8     7AB8      2E4     3D5C       0
                text16                             6612     6612       40     3309       0
                text15                             6CE8     6CE8       F0     3674       0
                text14                             6C0C     6C0C       DC     3606       0
                text13                              E3C      E3C      490      71E       0
                text12                             1D18     1D18      BAC      E8C       0
                text11                             654C     654C       24     32A6       0
                text10                             65D4     65D4       3E     32EA       0
                text9                               9E2      9E2      45A      4F1       0
                text8                               5B0      5B0      432      2D8       0
                text7                              6DD8     6DD8      11A     36EC       0
                text6                              6B36     6B36       D6     359B       0
                text5                              72AA     72AA      15E     3955       0
                text4                              7150     7150      15A     38A8       0
                text3                               29A      29A      316      14D       0
                text2                              7712     7712      1AE     3B89       0
                text1                                10       10      28A        8       0
                text0                              28C4     28C4     173C     1462       0
                cstackCOMRAM                          1        1       7E        1       1
                cstackBANK0                          C1       C1       3D       80       1
                dataBANK1                           12C      12C        5      100       1
                bssBANK1                            100      100       2C      100       1
                bssBANK0                             80       80       41       80       1
                cinit                              6694     6694       42     334A       0
                idataBANK1                            B        B        5        B       0

TOTAL           Name                               Link     Load   Length     Space
        CLASS   STACK          

        CLASS   CODE           
                text                                  8        8        2         0
                init                                  2        2        4         0
                reset_vec                             0        0        2         0
                text37                             6792     6792       76         0
                text36                             659A     659A       3A         0
                text35                             6514     6514       14         0
                text34                             6720     6720       72         0
                text33                             6528     6528       24         0
                text32                             6A74     6A74       C2         0
                text31                             6EF2     6EF2      128         0
                text30                             6652     6652       42         0
                text29                             1770     1770      5A8         0
                text28                             66D6     66D6       4A         0
                text27                             701A     701A      136         0
                text26                             69B6     69B6       BE         0
                text25                             6914     6914       A2         0
                text24                             6570     6570       2A         0
                text23                             78C0     78C0      1F8         0
                text22                             7408     7408      180         0
                text21                             7588     7588      18A         0
                text20                             12CC     12CC      4A4         0
                text19                             6886     6886       8E         0
                text18                             6808     6808       7E         0
                text17                             7AB8     7AB8      2E4         0
                text16                             6612     6612       40         0
                text15                             6CE8     6CE8       F0         0
                text14                             6C0C     6C0C       DC         0
                text13                              E3C      E3C      490         0
                text12                             1D18     1D18      BAC         0
                text11                             654C     654C       24         0
                text10                             65D4     65D4       3E         0
                text9                               9E2      9E2      45A         0
                text8                               5B0      5B0      432         0
                text7                              6DD8     6DD8      11A         0
                text6                              6B36     6B36       D6         0
                text5                              72AA     72AA      15E         0
                text4                              7150     7150      15A         0
                text3                               29A      29A      316         0
                text2                              7712     7712      1AE         0
                text1                                10       10      28A         0
                text0                              28C4     28C4     173C         0
                cinit                              6694     6694       42         0
                idataBANK1                            B        B        5         0

        CLASS   CONST          

        CLASS   SMALLCONST     

        CLASS   MEDIUMCONST    
                mediumconst                        7D9C     7D9C      264         0

        CLASS   COMRAM         
                cstackCOMRAM                          1        1       7E         1

        CLASS   ABS1           

        CLASS   BIGRAM         

        CLASS   RAM            

        CLASS   BANK0          
                cstackBANK0                          C1       C1       3D         1
                bssBANK0                             80       80       41         1

        CLASS   BANK1          
                dataBANK1                           12C      12C        5         1
                bssBANK1                            100      100       2C         1

        CLASS   BANK2          

        CLASS   BANK3          

        CLASS   BANK4          

        CLASS   BANK5          

        CLASS   SFR            

        CLASS   FARRAM         

        CLASS   CONFIG         
                config                           300000   300000        E         0

        CLASS   IDLOC          
                idloc                            200000   200000        8         0

        CLASS   EEDATA         



SEGMENTS        Name                           Load    Length   Top    Selector   Space  Class

                reset_vec                      000000  000006  000006         0       0  CODE    
                cstackCOMRAM                   000001  00007E  00007F         1       1  COMRAM  
                text                           000008  000002  00000A         4       0  CODE    
                idataBANK1                     00000B  000005  000010         B       0  CODE    
                text1                          000010  00028A  00029A         8       0  CODE    
                bssBANK0                       000080  00007E  0000FE        80       1  BANK0   
                bssBANK1                       000100  000031  000131       100       1  BANK1   
                text3                          00029A  000316  0005B0       14D       0  CODE    
                text8                          0005B0  000432  0009E2       2D8       0  CODE    
                text9                          0009E2  00045A  000E3C       4F1       0  CODE    
                text13                         000E3C  000490  0012CC       71E       0  CODE    
                text20                         0012CC  0004A4  001770       966       0  CODE    
                text29                         001770  0005A8  001D18       BB8       0  CODE    
                text12                         001D18  000BAC  0028C4       E8C       0  CODE    
                text0                          0028C4  00173C  004000      1462       0  CODE    
                text35                         006514  000014  006528      328A       0  CODE    
                text33                         006528  000024  00654C      3294       0  CODE    
                text11                         00654C  000024  006570      32A6       0  CODE    
                text24                         006570  00002A  00659A      32B8       0  CODE    
                text36                         00659A  00003A  0065D4      32CD       0  CODE    
                text10                         0065D4  00003E  006612      32EA       0  CODE    
                text16                         006612  000040  006652      3309       0  CODE    
                text30                         006652  000042  006694      3329       0  CODE    
                cinit                          006694  000042  0066D6      334A       0  CODE    
                text28                         0066D6  00004A  006720      336B       0  CODE    
                text34                         006720  000072  006792      3390       0  CODE    
                text37                         006792  000076  006808      33C9       0  CODE    
                text18                         006808  00007E  006886      3404       0  CODE    
                text19                         006886  00008E  006914      3443       0  CODE    
                text25                         006914  0000A2  0069B6      348A       0  CODE    
                text26                         0069B6  0000BE  006A74      34DB       0  CODE    
                text32                         006A74  0000C2  006B36      353A       0  CODE    
                text6                          006B36  0000D6  006C0C      359B       0  CODE    
                text14                         006C0C  0000DC  006CE8      3606       0  CODE    
                text15                         006CE8  0000F0  006DD8      3674       0  CODE    
                text7                          006DD8  00011A  006EF2      36EC       0  CODE    
                text31                         006EF2  000128  00701A      3779       0  CODE    
                text27                         00701A  000136  007150      380D       0  CODE    
                text4                          007150  00015A  0072AA      38A8       0  CODE    
                text5                          0072AA  00015E  007408      3955       0  CODE    
                text22                         007408  000180  007588      3A04       0  CODE    
                text21                         007588  00018A  007712      3AC4       0  CODE    
                text2                          007712  0001AE  0078C0      3B89       0  CODE    
                text23                         0078C0  0001F8  007AB8      3C60       0  CODE    
                text17                         007AB8  0002E4  007D9C      3D5C       0  CODE    
                mediumconst                    007D9C  000264  008000      3ECE       0  MEDIUMCO
                idloc                          200000  000008  200008    200000       0  IDLOC   
                config                         300000  00000E  30000E    300000       0  CONFIG  


UNUSED ADDRESS RANGES

        Name                Unused          Largest block    Delta
        BANK0            0000FE-0000FF                2
        BANK1            000131-0001FF               CF
        BANK2            000200-0002FF              100
        BANK3            000300-0003FF              100
        BANK4            000400-0004FF              100
        BANK5            000500-0005FF              100
        BIGRAM           00007F-00007F                1
                         0000FE-0000FF                2
                         000131-0005FF              4CF
        CODE             000006-000007                2
                         00000A-00000A                1
                         004000-006513             2514
        COMRAM           00007F-00007F                1
        CONST            000006-000007                2
                         00000A-00000A                1
                         004000-006513             2514
        EEDATA           F00000-F000FF              100
        MEDIUMCONST      004000-006513             2514
        RAM              0000FE-0000FF                2
                         000131-0005FF              100
        SFR              000F80-000FFF               80
        SMALLCONST       004000-006513              100
        STACK            000131-0005FF              4CF

                                  Symbol Table

?___awdiv                                                            cstackCOMRAM 000007
?___awmod                                                            cstackCOMRAM 000001
?___fladd                                                            cstackCOMRAM 000057
?___fldiv                                                            cstackCOMRAM 000001
?___flmul                                                            cstackCOMRAM 000031
?___flneg                                                            cstackCOMRAM 000001
?___flsub                                                            cstackCOMRAM 000067
?___fltol                                                            cstackCOMRAM 000053
?___lldiv                                                            cstackCOMRAM 000001
?___llmod                                                            cstackCOMRAM 00000E
?___lwdiv                                                            cstackCOMRAM 000006
?___lwmod                                                            cstackCOMRAM 000001
?___wmul                                                             cstackCOMRAM 000001
?___xxtofl                                                           cstackCOMRAM 00000F
?__div_to_l_                                                         cstackCOMRAM 000001
?__tdiv_to_l_                                                        cstackCOMRAM 000001
?_eval_poly                                                          cstackCOMRAM 000067
?_exp                                                                cstackBANK0  0000C1
?_floor                                                              cstackCOMRAM 000067
?_frexp                                                              cstackCOMRAM 000029
?_fround                                                             cstackCOMRAM 00004A
?_ldexp                                                              cstackCOMRAM 000077
?_log                                                                cstackCOMRAM 000077
?_pow                                                                cstackBANK0  0000CC
?_scale                                                              cstackCOMRAM 00004A
?_sprintf                                                            cstackBANK0  0000C1
_A                                                                   bssBANK0     0000BE
_ADCON1                                                              (abs)        000FC1
_B                                                                   bssBANK0     0000C0
_C                                                                   bssBANK0     0000BA
_D                                                                   bssBANK0     0000BB
_E                                                                   bssBANK0     0000B9
_F                                                                   bssBANK0     0000B8
_G                                                                   bssBANK0     0000B7
_LATA                                                                (abs)        000F89
_LATB                                                                (abs)        000F8A
_LATD                                                                (abs)        000F8C
_LATE                                                                (abs)        000F8D
_PB                                                                  bssBANK0     0000BC
_PORTA                                                               (abs)        000F80
_PORTB                                                               (abs)        000F81
_PORTD                                                               (abs)        000F83
_PORTE                                                               (abs)        000F84
_R                                                                   bssBANK0     0000B6
_RE0                                                                 (abs)        007C20
_RE2                                                                 (abs)        007C22
_S                                                                   bssBANK0     0000BD
_TRISA                                                               (abs)        000F92
_TRISB                                                               (abs)        000F93
_TRISD                                                               (abs)        000F95
_TRISE                                                               (abs)        000F96
_X                                                                   bssBANK0     0000AC
_Y                                                                   bssBANK0     0000A8
_Z                                                                   bssBANK1     000100
__CFG_BOR$OFF                                                        (abs)        000000
__CFG_BORV$20                                                        (abs)        000000
__CFG_CCP2MUX$ON                                                     (abs)        000000
__CFG_CP0$OFF                                                        (abs)        000000
__CFG_CP1$OFF                                                        (abs)        000000
__CFG_CP2$OFF                                                        (abs)        000000
__CFG_CP3$OFF                                                        (abs)        000000
__CFG_CPB$OFF                                                        (abs)        000000
__CFG_CPD$OFF                                                        (abs)        000000
__CFG_EBTR0$OFF                                                      (abs)        000000
__CFG_EBTR1$OFF                                                      (abs)        000000
__CFG_EBTR2$OFF                                                      (abs)        000000
__CFG_EBTR3$OFF                                                      (abs)        000000
__CFG_EBTRB$OFF                                                      (abs)        000000
__CFG_LVP$OFF                                                        (abs)        000000
__CFG_OSC$XT                                                         (abs)        000000
__CFG_OSCS$OFF                                                       (abs)        000000
__CFG_PWRT$ON                                                        (abs)        000000
__CFG_STVR$ON                                                        (abs)        000000
__CFG_WDT$OFF                                                        (abs)        000000
__CFG_WDTPS$128                                                      (abs)        000000
__CFG_WRT0$OFF                                                       (abs)        000000
__CFG_WRT1$OFF                                                       (abs)        000000
__CFG_WRT2$OFF                                                       (abs)        000000
__CFG_WRT3$OFF                                                       (abs)        000000
__CFG_WRTB$OFF                                                       (abs)        000000
__CFG_WRTC$OFF                                                       (abs)        000000
__CFG_WRTD$OFF                                                       (abs)        000000
__HRAM                                                               (abs)        000000
__Habs1                                                              abs1         000000
__Hbank0                                                             bank0        000000
__Hbank1                                                             bank1        000000
__Hbank2                                                             bank2        000000
__Hbank3                                                             bank3        000000
__Hbank4                                                             bank4        000000
__Hbank5                                                             bank5        000000
__Hbigbss                                                            bigbss       000000
__Hbigdata                                                           bigdata      000000
__Hbigram                                                            bigram       000000
__Hbss                                                               bss          000000
__HbssBANK0                                                          bssBANK0     000000
__HbssBANK1                                                          bssBANK1     000000
__Hcinit                                                             cinit        000000
__Hclrtext                                                           clrtext      000000
__Hcomram                                                            comram       000000
__Hconfig                                                            config       30000E
__Hconst                                                             const        000000
__HcstackBANK0                                                       cstackBANK0  000000
__HcstackCOMRAM                                                      cstackCOMRAM 000000
__Hdata                                                              data         000000
__HdataBANK1                                                         dataBANK1    000000
__Heeprom_data                                                       eeprom_data  000000
__Hfarbss                                                            farbss       000000
__Hfardata                                                           fardata      000000
__Hibigdata                                                          ibigdata     000000
__Hidata                                                             idata        000000
__HidataBANK1                                                        idataBANK1   000000
__Hidloc                                                             idloc        200008
__Hifardata                                                          ifardata     000000
__Hinit                                                              init         000006
__Hintcode                                                           intcode      000002
__Hintcode_body                                                      intcode_body 000000
__Hintcodelo                                                         intcodelo    000002
__Hintentry                                                          intentry     000000
__Hintret                                                            intret       000000
__Hintsave_regs                                                      intsave_regs 000000
__Hirdata                                                            irdata       000000
__Hmediumconst                                                       mediumconst  008000
__HnvFARRAM                                                          nvFARRAM     000000
__Hnvbit                                                             nvbit        000000
__Hnvrram                                                            nvrram       000000
__Hparam                                                             rparam       000000
__Hpowerup                                                           powerup      000002
__Hram                                                               ram          000000
__Hramtop                                                            ramtop       000600
__Hrbit                                                              rbit         000000
__Hrbss                                                              rbss         000000
__Hrdata                                                             rdata        000000
__Hreset_vec                                                         reset_vec    000002
__Hrparam                                                            rparam       000000
__Hsfr                                                               sfr          000000
__Hsmallconst                                                        smallconst   000000
__Hspace_0                                                           (abs)        30000E
__Hspace_1                                                           (abs)        000131
__Hspace_2                                                           (abs)        000000
__Hstack                                                             stack        000000
__Hstruct                                                            struct       000000
__Htemp                                                              temp         000000
__Htext                                                              text         000000
__Htext0                                                             text0        000000
__Htext1                                                             text1        000000
__Htext10                                                            text10       000000
__Htext11                                                            text11       000000
__Htext12                                                            text12       000000
__Htext13                                                            text13       000000
__Htext14                                                            text14       000000
__Htext15                                                            text15       000000
__Htext16                                                            text16       000000
__Htext17                                                            text17       000000
__Htext18                                                            text18       000000
__Htext19                                                            text19       000000
__Htext2                                                             text2        000000
__Htext20                                                            text20       000000
__Htext21                                                            text21       000000
__Htext22                                                            text22       000000
__Htext23                                                            text23       000000
__Htext24                                                            text24       000000
__Htext25                                                            text25       000000
__Htext26                                                            text26       000000
__Htext27                                                            text27       000000
__Htext28                                                            text28       000000
__Htext29                                                            text29       000000
__Htext3                                                             text3        000000
__Htext30                                                            text30       000000
__Htext31                                                            text31       000000
__Htext32                                                            text32       000000
__Htext33                                                            text33       000000
__Htext34                                                            text34       000000
__Htext35                                                            text35       000000
__Htext36                                                            text36       000000
__Htext37                                                            text37       000000
__Htext4                                                             text4        000000
__Htext5                                                             text5        000000
__Htext6                                                             text6        000000
__Htext7                                                             text7        000000
__Htext8                                                             text8        000000
__Htext9                                                             text9        000000
__LRAM                                                               (abs)        000001
__Labs1                                                              abs1         000000
__Lbank0                                                             bank0        000000
__Lbank1                                                             bank1        000000
__Lbank2                                                             bank2        000000
__Lbank3                                                             bank3        000000
__Lbank4                                                             bank4        000000
__Lbank5                                                             bank5        000000
__Lbigbss                                                            bigbss       000000
__Lbigdata                                                           bigdata      000000
__Lbigram                                                            bigram       000000
__Lbss                                                               bss          000000
__LbssBANK0                                                          bssBANK0     000000
__LbssBANK1                                                          bssBANK1     000000
__Lcinit                                                             cinit        000000
__Lclrtext                                                           clrtext      000000
__Lcomram                                                            comram       000000
__Lconfig                                                            config       300000
__Lconst                                                             const        000000
__LcstackBANK0                                                       cstackBANK0  000000
__LcstackCOMRAM                                                      cstackCOMRAM 000000
__Ldata                                                              data         000000
__LdataBANK1                                                         dataBANK1    000000
__Leeprom_data                                                       eeprom_data  000000
__Lfarbss                                                            farbss       000000
__Lfardata                                                           fardata      000000
__Libigdata                                                          ibigdata     000000
__Lidata                                                             idata        000000
__LidataBANK1                                                        idataBANK1   000000
__Lidloc                                                             idloc        200000
__Lifardata                                                          ifardata     000000
__Linit                                                              init         000002
__Lintcode                                                           intcode      000002
__Lintcode_body                                                      intcode_body 000000
__Lintcodelo                                                         intcodelo    000002
__Lintentry                                                          intentry     000000
__Lintret                                                            intret       000000
__Lintsave_regs                                                      intsave_regs 000000
__Lirdata                                                            irdata       000000
__Lmediumconst                                                       mediumconst  007D9C
__LnvFARRAM                                                          nvFARRAM     000000
__Lnvbit                                                             nvbit        000000
__Lnvrram                                                            nvrram       000000
__Lparam                                                             rparam       000000
__Lpowerup                                                           powerup      000002
__Lram                                                               ram          000000
__Lramtop                                                            ramtop       000600
__Lrbit                                                              rbit         000000
__Lrbss                                                              rbss         000000
__Lrdata                                                             rdata        000000
__Lreset_vec                                                         reset_vec    000000
__Lrparam                                                            rparam       000000
__Lsfr                                                               sfr          000000
__Lsmallconst                                                        smallconst   000000
__Lspace_0                                                           (abs)        000000
__Lspace_1                                                           (abs)        000000
__Lspace_2                                                           (abs)        000000
__Lstack                                                             stack        000000
__Lstruct                                                            struct       000000
__Ltemp                                                              temp         000000
__Ltext                                                              text         000000
__Ltext0                                                             text0        000000
__Ltext1                                                             text1        000000
__Ltext10                                                            text10       000000
__Ltext11                                                            text11       000000
__Ltext12                                                            text12       000000
__Ltext13                                                            text13       000000
__Ltext14                                                            text14       000000
__Ltext15                                                            text15       000000
__Ltext16                                                            text16       000000
__Ltext17                                                            text17       000000
__Ltext18                                                            text18       000000
__Ltext19                                                            text19       000000
__Ltext2                                                             text2        000000
__Ltext20                                                            text20       000000
__Ltext21                                                            text21       000000
__Ltext22                                                            text22       000000
__Ltext23                                                            text23       000000
__Ltext24                                                            text24       000000
__Ltext25                                                            text25       000000
__Ltext26                                                            text26       000000
__Ltext27                                                            text27       000000
__Ltext28                                                            text28       000000
__Ltext29                                                            text29       000000
__Ltext3                                                             text3        000000
__Ltext30                                                            text30       000000
__Ltext31                                                            text31       000000
__Ltext32                                                            text32       000000
__Ltext33                                                            text33       000000
__Ltext34                                                            text34       000000
__Ltext35                                                            text35       000000
__Ltext36                                                            text36       000000
__Ltext37                                                            text37       000000
__Ltext4                                                             text4        000000
__Ltext5                                                             text5        000000
__Ltext6                                                             text6        000000
__Ltext7                                                             text7        000000
__Ltext8                                                             text8        000000
__Ltext9                                                             text9        000000
__S0                                                                 (abs)        30000E
__S1                                                                 (abs)        000131
__S2                                                                 (abs)        000000
___awdiv                                                             text15       006CE8
___awdiv@counter                                                     cstackCOMRAM 00000B
___awdiv@dividend                                                    cstackCOMRAM 000007
___awdiv@divisor                                                     cstackCOMRAM 000009
___awdiv@quotient                                                    cstackCOMRAM 00000D
___awdiv@sign                                                        cstackCOMRAM 00000C
___awmod                                                             text14       006C0C
___awmod@counter                                                     cstackCOMRAM 000005
___awmod@dividend                                                    cstackCOMRAM 000001
___awmod@divisor                                                     cstackCOMRAM 000003
___awmod@sign                                                        cstackCOMRAM 000006
___fladd                                                             text29       001770
___fladd@a                                                           cstackCOMRAM 00005B
___fladd@aexp                                                        cstackCOMRAM 000064
___fladd@b                                                           cstackCOMRAM 000057
___fladd@bexp                                                        cstackCOMRAM 000065
___fladd@grs                                                         cstackCOMRAM 000066
___fladd@signs                                                       cstackCOMRAM 000063
___fldiv                                                             text8        0005B0
___fldiv@a                                                           cstackCOMRAM 000005
___fldiv@aexp                                                        cstackCOMRAM 000019
___fldiv@b                                                           cstackCOMRAM 000001
___fldiv@bexp                                                        cstackCOMRAM 000018
___fldiv@grs                                                         cstackCOMRAM 000014
___fldiv@new_exp                                                     cstackCOMRAM 000012
___fldiv@rem                                                         cstackCOMRAM 00000D
___fldiv@sign                                                        cstackCOMRAM 000011
___fleq                                                              text32       006A74
___fleq@ff1                                                          cstackCOMRAM 00001D
___fleq@ff2                                                          cstackCOMRAM 000021
___flge                                                              text31       006EF2
___flge@ff1                                                          cstackCOMRAM 000001
___flge@ff2                                                          cstackCOMRAM 000005
___flmul                                                             text20       0012CC
___flmul@a                                                           cstackCOMRAM 000035
___flmul@aexp                                                        cstackCOMRAM 000042
___flmul@b                                                           cstackCOMRAM 000031
___flmul@bexp                                                        cstackCOMRAM 000043
___flmul@grs                                                         cstackCOMRAM 00003E
___flmul@prod                                                        cstackCOMRAM 000044
___flmul@sign                                                        cstackCOMRAM 00003D
___flmul@temp                                                        cstackCOMRAM 000048
___flneg                                                             text30       006652
___flneg@f1                                                          cstackCOMRAM 000001
___flsub                                                             text28       0066D6
___flsub@a                                                           cstackCOMRAM 00006B
___flsub@b                                                           cstackCOMRAM 000067
___fltol                                                             text27       00701A
___fltol@exp1                                                        cstackCOMRAM 00005C
___fltol@f1                                                          cstackCOMRAM 000053
___fltol@sign1                                                       cstackCOMRAM 00005B
___inthi_sp                                                          stack        000000
___intlo_sp                                                          stack        000000
___lbdiv                                                             text37       006792
___lbdiv@counter                                                     cstackCOMRAM 000003
___lbdiv@dividend                                                    cstackCOMRAM 000002
___lbdiv@divisor                                                     cstackCOMRAM 000001
___lbdiv@quotient                                                    cstackCOMRAM 000004
___lldiv                                                             text26       0069B6
___lldiv@counter                                                     cstackCOMRAM 00000D
___lldiv@dividend                                                    cstackCOMRAM 000001
___lldiv@divisor                                                     cstackCOMRAM 000005
___lldiv@quotient                                                    cstackCOMRAM 000009
___llmod                                                             text25       006914
___llmod@counter                                                     cstackCOMRAM 000016
___llmod@dividend                                                    cstackCOMRAM 00000E
___llmod@divisor                                                     cstackCOMRAM 000012
___lwdiv                                                             text19       006886
___lwdiv@counter                                                     cstackCOMRAM 00000C
___lwdiv@dividend                                                    cstackCOMRAM 000006
___lwdiv@divisor                                                     cstackCOMRAM 000008
___lwdiv@quotient                                                    cstackCOMRAM 00000A
___lwmod                                                             text18       006808
___lwmod@counter                                                     cstackCOMRAM 000005
___lwmod@dividend                                                    cstackCOMRAM 000001
___lwmod@divisor                                                     cstackCOMRAM 000003
___param_bank                                                        (abs)        000000
___rparam_used                                                       (abs)        000001
___sp                                                                stack        000000
___wmul                                                              text24       006570
___wmul@multiplicand                                                 cstackCOMRAM 000003
___wmul@multiplier                                                   cstackCOMRAM 000001
___wmul@product                                                      cstackCOMRAM 000005
___xxtofl                                                            text23       0078C0
___xxtofl@arg                                                        cstackCOMRAM 000019
___xxtofl@exp                                                        cstackCOMRAM 000018
___xxtofl@sign                                                       cstackCOMRAM 000017
___xxtofl@val                                                        cstackCOMRAM 00000F
__accesstop                                                          (abs)        000080
__activetblptr                                                       (abs)        000002
__cntErrataNOP_C:\Users\vanad\AppData\Local\Temp\s4co.o              (abs)        000001
__cntErrataNOP_dist/default/production\CalculadoraLCD.X.production.o (abs)        0003D6
__div_to_l_                                                          text22       007408
__div_to_l_@cntr                                                     cstackCOMRAM 00000D
__div_to_l_@exp1                                                     cstackCOMRAM 00000E
__div_to_l_@f1                                                       cstackCOMRAM 000001
__div_to_l_@f2                                                       cstackCOMRAM 000005
__div_to_l_@quot                                                     cstackCOMRAM 000009
__end_of___awdiv                                                     text15       006DD8
__end_of___awmod                                                     text14       006CE8
__end_of___fladd                                                     text29       001D18
__end_of___fldiv                                                     text8        0009E2
__end_of___fleq                                                      text32       006B36
__end_of___flge                                                      text31       00701A
__end_of___flmul                                                     text20       001770
__end_of___flneg                                                     text30       006694
__end_of___flsub                                                     text28       006720
__end_of___fltol                                                     text27       007150
__end_of___lbdiv                                                     text37       006808
__end_of___lldiv                                                     text26       006A74
__end_of___llmod                                                     text25       0069B6
__end_of___lwdiv                                                     text19       006914
__end_of___lwmod                                                     text18       006886
__end_of___wmul                                                      text24       00659A
__end_of___xxtofl                                                    text23       007AB8
__end_of__div_to_l_                                                  text22       007588
__end_of__initialization                                             cinit        0066CC
__end_of__npowers_                                                   mediumconst  007E05
__end_of__powers_                                                    mediumconst  007DD1
__end_of__tdiv_to_l_                                                 text21       007712
__end_of_conf_puertos                                                text36       0065D4
__end_of_dato_LCD                                                    text11       006570
__end_of_dpowers                                                     mediumconst  007E55
__end_of_enable                                                      text35       006528
__end_of_eval_poly                                                   text7        006EF2
__end_of_exp                                                         text3        0005B0
__end_of_floor                                                       text5        007408
__end_of_frexp                                                       text6        006C0C
__end_of_fround                                                      text17       007D9C
__end_of_ini_LCD                                                     text34       006792
__end_of_ins_LCD                                                     text33       00654C
__end_of_isdigit                                                     text16       006652
__end_of_ldexp                                                       text4        0072AA
__end_of_log                                                         text2        0078C0
__end_of_main                                                        text0        004000
__end_of_nombresbaby                                                 text9        000E3C
__end_of_pow                                                         text1        00029A
__end_of_scale                                                       text13       0012CC
__end_of_sprintf                                                     text12       0028C4
__end_of_write_LCD                                                   text10       006612
__end_ofexp@coeff                                                    mediumconst  007E2D
__end_oflog@coeff                                                    mediumconst  007E79
__initialization                                                     cinit        006694
__mediumconst                                                        mediumconst  007D9C
__npowers_                                                           mediumconst  007DD1
__pbssBANK0                                                          bssBANK0     000080
__pbssBANK1                                                          bssBANK1     000100
__pcinit                                                             cinit        006694
__pcstackBANK0                                                       cstackBANK0  0000C1
__pcstackCOMRAM                                                      cstackCOMRAM 000001
__pdataBANK1                                                         dataBANK1    00012C
__pidataBANK1                                                        idataBANK1   00000B
__pmediumconst                                                       mediumconst  007D9C
__powers_                                                            mediumconst  007D9D
__ptext0                                                             text0        0028C4
__ptext1                                                             text1        000010
__ptext10                                                            text10       0065D4
__ptext11                                                            text11       00654C
__ptext12                                                            text12       001D18
__ptext13                                                            text13       000E3C
__ptext14                                                            text14       006C0C
__ptext15                                                            text15       006CE8
__ptext16                                                            text16       006612
__ptext17                                                            text17       007AB8
__ptext18                                                            text18       006808
__ptext19                                                            text19       006886
__ptext2                                                             text2        007712
__ptext20                                                            text20       0012CC
__ptext21                                                            text21       007588
__ptext22                                                            text22       007408
__ptext23                                                            text23       0078C0
__ptext24                                                            text24       006570
__ptext25                                                            text25       006914
__ptext26                                                            text26       0069B6
__ptext27                                                            text27       00701A
__ptext28                                                            text28       0066D6
__ptext29                                                            text29       001770
__ptext3                                                             text3        00029A
__ptext30                                                            text30       006652
__ptext31                                                            text31       006EF2
__ptext32                                                            text32       006A74
__ptext33                                                            text33       006528
__ptext34                                                            text34       006720
__ptext35                                                            text35       006514
__ptext36                                                            text36       00659A
__ptext37                                                            text37       006792
__ptext4                                                             text4        007150
__ptext5                                                             text5        0072AA
__ptext6                                                             text6        006B36
__ptext7                                                             text7        006DD8
__ptext8                                                             text8        0005B0
__ptext9                                                             text9        0009E2
__ramtop                                                             ramtop       000600
__size_of___awdiv                                                    (abs)        000000
__size_of___awmod                                                    (abs)        000000
__size_of___fladd                                                    (abs)        000000
__size_of___fldiv                                                    (abs)        000000
__size_of___fleq                                                     (abs)        000000
__size_of___flge                                                     (abs)        000000
__size_of___flmul                                                    (abs)        000000
__size_of___flneg                                                    (abs)        000000
__size_of___flsub                                                    (abs)        000000
__size_of___fltol                                                    (abs)        000000
__size_of___lbdiv                                                    (abs)        000000
__size_of___lldiv                                                    (abs)        000000
__size_of___llmod                                                    (abs)        000000
__size_of___lwdiv                                                    (abs)        000000
__size_of___lwmod                                                    (abs)        000000
__size_of___wmul                                                     (abs)        000000
__size_of___xxtofl                                                   (abs)        000000
__size_of__div_to_l_                                                 (abs)        000000
__size_of__tdiv_to_l_                                                (abs)        000000
__size_of_conf_puertos                                               (abs)        000000
__size_of_dato_LCD                                                   (abs)        000000
__size_of_enable                                                     (abs)        000000
__size_of_eval_poly                                                  (abs)        000000
__size_of_exp                                                        (abs)        000000
__size_of_floor                                                      (abs)        000000
__size_of_frexp                                                      (abs)        000000
__size_of_fround                                                     (abs)        000000
__size_of_ini_LCD                                                    (abs)        000000
__size_of_ins_LCD                                                    (abs)        000000
__size_of_isdigit                                                    (abs)        000000
__size_of_ldexp                                                      (abs)        000000
__size_of_log                                                        (abs)        000000
__size_of_main                                                       (abs)        000000
__size_of_nombresbaby                                                (abs)        000000
__size_of_pow                                                        (abs)        000000
__size_of_scale                                                      (abs)        000000
__size_of_sprintf                                                    (abs)        000000
__size_of_write_LCD                                                  (abs)        000000
__smallconst                                                         smallconst   000000
__tdiv_to_l_                                                         text21       007588
__tdiv_to_l_@cntr                                                    cstackCOMRAM 000010
__tdiv_to_l_@exp1                                                    cstackCOMRAM 000011
__tdiv_to_l_@f1                                                      cstackCOMRAM 000001
__tdiv_to_l_@f2                                                      cstackCOMRAM 000005
__tdiv_to_l_@quot                                                    cstackCOMRAM 00000C
_bin                                                                 dataBANK1    00012C
_bin1                                                                bssBANK0     0000A3
_bin2                                                                bssBANK0     00009E
_bin3                                                                bssBANK0     000099
_binc                                                                bssBANK0     000091
_binco                                                               bssBANK0     000089
_bincor                                                              bssBANK0     000080
_buffer                                                              bssBANK1     000104
_conf_puertos                                                        text36       00659A
_dato_LCD                                                            text11       00654C
_dpowers                                                             mediumconst  007E2D
_enable                                                              text35       006514
_errno                                                               bssBANK0     0000B0
_eval_poly                                                           text7        006DD8
_exp                                                                 text3        00029A
_exp$984                                                             cstackBANK0  0000C5
_floor                                                               text5        0072AA
_frexp                                                               text6        006B36
_fround                                                              text17       007AB8
_fround$978                                                          cstackCOMRAM 000052
_fround$979                                                          cstackCOMRAM 00004E
_ini_LCD                                                             text34       006720
_ins_LCD                                                             text33       006528
_isdigit                                                             text16       006612
_isdigit$703                                                         cstackCOMRAM 000002
_ldexp                                                               text4        007150
_log                                                                 text2        007712
_main                                                                text0        0028C4
_main$975                                                            cstackBANK0  0000FA
_main$976                                                            cstackBANK0  0000F2
_main$977                                                            cstackBANK0  0000F6
_nombresbaby                                                         text9        0009E2
_num                                                                 bssBANK0     0000B4
_pow                                                                 text1        000010
_pow$982                                                             cstackBANK0  0000D4
_pow$983                                                             cstackBANK0  0000D8
_scale                                                               text13       000E3C
_scale$980                                                           cstackCOMRAM 00004E
_sprintf                                                             text12       001D18
_sprintf$981                                                         cstackBANK0  0000D5
_t                                                                   bssBANK0     0000BF
_tuputamadre                                                         bssBANK0     0000B2
_write_LCD                                                           text10       0065D4
dato_LCD@dato                                                        cstackCOMRAM 000002
end_of_initialization                                                cinit        0066CC
eval_poly@d                                                          cstackCOMRAM 00006B
eval_poly@n                                                          cstackCOMRAM 00006D
eval_poly@res                                                        cstackCOMRAM 000073
eval_poly@x                                                          cstackCOMRAM 000067
exp@coeff                                                            mediumconst  007E05
exp@exponent                                                         cstackBANK0  0000C9
exp@sign                                                             cstackBANK0  0000CB
exp@x                                                                cstackBANK0  0000C1
floor@expon                                                          cstackCOMRAM 00006F
floor@i                                                              cstackCOMRAM 00006B
floor@x                                                              cstackCOMRAM 000067
frexp@eptr                                                           cstackCOMRAM 00002D
frexp@value                                                          cstackCOMRAM 000029
fround@prec                                                          cstackCOMRAM 000056
ins_LCD@dato                                                         cstackCOMRAM 000002
intlevel0                                                            text         000008
intlevel1                                                            text         000008
intlevel2                                                            text         000008
intlevel3                                                            text         000008
isdigit@c                                                            cstackCOMRAM 000003
ldexp@newexp                                                         cstackCOMRAM 00007B
ldexp@value                                                          cstackCOMRAM 000077
log@coeff                                                            mediumconst  007E55
log@exponent                                                         cstackCOMRAM 00007B
log@x                                                                cstackCOMRAM 000077
pow@sign                                                             cstackBANK0  0000DC
pow@x                                                                cstackBANK0  0000CC
pow@y                                                                cstackBANK0  0000D0
pow@yi                                                               cstackBANK0  0000DD
scale@scl                                                            cstackCOMRAM 000052
sprintf@ap                                                           cstackBANK0  0000D9
sprintf@c                                                            cstackBANK0  0000EF
sprintf@ccnt                                                         cstackBANK0  0000DB
sprintf@eexp                                                         cstackBANK0  0000DF
sprintf@f                                                            cstackBANK0  0000C3
sprintf@flag                                                         cstackBANK0  0000DD
sprintf@fval                                                         cstackBANK0  0000E9
sprintf@prec                                                         cstackBANK0  0000ED
sprintf@sp                                                           cstackBANK0  0000C1
sprintf@tmpval                                                       cstackBANK0  0000E1
sprintf@val                                                          cstackBANK0  0000E5
stackhi                                                              (abs)        0005FF
stacklo                                                              (abs)        000131
start                                                                init         000002
start_initialization                                                 cinit        006694
write_LCD@i                                                          cstackCOMRAM 000004
write_LCD@tam                                                        cstackCOMRAM 000003


FUNCTION INFORMATION:

 *************** function _main *****************
 Defined at:
		line 58 in file "CalculadoraLCD.c"
 Parameters:    Size  Location     Type
		None
 Auto vars:     Size  Location     Type
		None
 Return value:  Size  Location     Type
                  2  100[None  ] int 
 Registers used:
		wreg, fsr1l, fsr1h, fsr2l, fsr2h, status,2, status,0, tblptrl, tblptrh, tblptru, prodl, prodh, cstack
 Tracked objects:
		On entry : 
		On exit  : 
		Unchanged: 
 Data sizes:     COMRAM   BANK0   BANK1   BANK2   BANK3   BANK4   BANK5
      Params:         0       0       0       0       0       0       0
      Locals:         0      12       0       0       0       0       0
      Temps:          0       2       0       0       0       0       0
      Totals:         0      14       0       0       0       0       0
Total ram usage:       14 bytes
 Hardware stack levels required when called:    5
 This function calls:
		___awdiv
		___fltol
		___lbdiv
		___xxtofl
		_conf_puertos
		_ini_LCD
		_ins_LCD
		_nombresbaby
		_pow
		_sprintf
		_write_LCD
 This function is called by:
		Startup code after reset
 This function uses a non-reentrant model


 *************** function _pow *****************
 Defined at:
		line 5 in file "C:\Program Files (x86)\Microchip\xc8\v2.10\pic\sources\c90\common\pow.c"
 Parameters:    Size  Location     Type
  x               4   11[BANK0 ] int 
  y               4   15[BANK0 ] int 
 Auto vars:     Size  Location     Type
  yi              4   28[BANK0 ] unsigned long 
  sign            1   27[BANK0 ] unsigned char 
 Return value:  Size  Location     Type
                  4   11[BANK0 ] unsigned char 
 Registers used:
		wreg, fsr2l, fsr2h, status,2, status,0, tblptrl, tblptrh, tblptru, prodl, prodh, cstack
 Tracked objects:
		On entry : 
		On exit  : 
		Unchanged: 
 Data sizes:     COMRAM   BANK0   BANK1   BANK2   BANK3   BANK4   BANK5
      Params:         0       8       0       0       0       0       0
      Locals:         0      13       0       0       0       0       0
      Temps:          0       0       0       0       0       0       0
      Totals:         0      21       0       0       0       0       0
Total ram usage:       21 bytes
 Hardware stack levels used:    1
 Hardware stack levels required when called:    4
 This function calls:
		___fleq
		___flge
		___flmul
		___flneg
		___fltol
		___xxtofl
		_exp
		_log
 This function is called by:
		_main
 This function uses a non-reentrant model


 *************** function _log *****************
 Defined at:
		line 5 in file "C:\Program Files (x86)\Microchip\xc8\v2.10\pic\sources\c90\common\log.c"
 Parameters:    Size  Location     Type
  x               4  118[COMRAM] unsigned char 
 Auto vars:     Size  Location     Type
  exponent        2  122[COMRAM] int 
 Return value:  Size  Location     Type
                  4  118[COMRAM] int 
 Registers used:
		wreg, fsr2l, fsr2h, status,2, status,0, tblptrl, tblptrh, tblptru, prodl, prodh, cstack
 Tracked objects:
		On entry : 
		On exit  : 
		Unchanged: 
 Data sizes:     COMRAM   BANK0   BANK1   BANK2   BANK3   BANK4   BANK5
      Params:         4       0       0       0       0       0       0
      Locals:         2       0       0       0       0       0       0
      Temps:          0       0       0       0       0       0       0
      Totals:         6       0       0       0       0       0       0
Total ram usage:        6 bytes
 Hardware stack levels used:    1
 Hardware stack levels required when called:    2
 This function calls:
		___fladd
		___fleq
		___flmul
		___xxtofl
		_eval_poly
		_frexp
 This function is called by:
		_pow
 This function uses a non-reentrant model


 *************** function _exp *****************
 Defined at:
		line 12 in file "C:\Program Files (x86)\Microchip\xc8\v2.10\pic\sources\c90\common\exp.c"
 Parameters:    Size  Location     Type
  x               4    0[BANK0 ] int 
 Auto vars:     Size  Location     Type
  exponent        2    8[BANK0 ] int 
  sign            1   10[BANK0 ] unsigned char 
 Return value:  Size  Location     Type
                  4    0[BANK0 ] unsigned char 
 Registers used:
		wreg, fsr2l, fsr2h, status,2, status,0, tblptrl, tblptrh, tblptru, prodl, prodh, cstack
 Tracked objects:
		On entry : 
		On exit  : 
		Unchanged: 
 Data sizes:     COMRAM   BANK0   BANK1   BANK2   BANK3   BANK4   BANK5
      Params:         0       4       0       0       0       0       0
      Locals:         0       7       0       0       0       0       0
      Temps:          0       0       0       0       0       0       0
      Totals:         0      11       0       0       0       0       0
Total ram usage:       11 bytes
 Hardware stack levels used:    1
 Hardware stack levels required when called:    3
 This function calls:
		___fldiv
		___fleq
		___flge
		___flmul
		___flneg
		___flsub
		___fltol
		___xxtofl
		_eval_poly
		_floor
		_ldexp
 This function is called by:
		_pow
 This function uses a non-reentrant model


 *************** function _ldexp *****************
 Defined at:
		line 277 in file "C:\Program Files (x86)\Microchip\xc8\v2.10\pic\sources\c90\common\frexp.c"
 Parameters:    Size  Location     Type
  value           4  118[COMRAM] unsigned char 
  newexp          2  122[COMRAM] int 
 Auto vars:     Size  Location     Type
		None
 Return value:  Size  Location     Type
                  4  118[COMRAM] int 
 Registers used:
		wreg, status,2, status,0, cstack
 Tracked objects:
		On entry : 
		On exit  : 
		Unchanged: 
 Data sizes:     COMRAM   BANK0   BANK1   BANK2   BANK3   BANK4   BANK5
      Params:         6       0       0       0       0       0       0
      Locals:         0       0       0       0       0       0       0
      Temps:          2       0       0       0       0       0       0
      Totals:         8       0       0       0       0       0       0
Total ram usage:        8 bytes
 Hardware stack levels used:    1
 Hardware stack levels required when called:    1
 This function calls:
		___fleq
 This function is called by:
		_exp
 This function uses a non-reentrant model


 *************** function _floor *****************
 Defined at:
		line 13 in file "C:\Program Files (x86)\Microchip\xc8\v2.10\pic\sources\c90\common\floor.c"
 Parameters:    Size  Location     Type
  x               4  102[COMRAM] int 
 Auto vars:     Size  Location     Type
  i               4  106[COMRAM] int 
  expon           2  110[COMRAM] int 
 Return value:  Size  Location     Type
                  4  102[COMRAM] int 
 Registers used:
		wreg, fsr2l, fsr2h, status,2, status,0, cstack
 Tracked objects:
		On entry : 
		On exit  : 
		Unchanged: 
 Data sizes:     COMRAM   BANK0   BANK1   BANK2   BANK3   BANK4   BANK5
      Params:         4       0       0       0       0       0       0
      Locals:         6       0       0       0       0       0       0
      Temps:          0       0       0       0       0       0       0
      Totals:        10       0       0       0       0       0       0
Total ram usage:       10 bytes
 Hardware stack levels used:    1
 Hardware stack levels required when called:    2
 This function calls:
		___fladd
		___flge
		___fltol
		___xxtofl
		_frexp
 This function is called by:
		_exp
 This function uses a non-reentrant model


 *************** function _frexp *****************
 Defined at:
		line 254 in file "C:\Program Files (x86)\Microchip\xc8\v2.10\pic\sources\c90\common\frexp.c"
 Parameters:    Size  Location     Type
  value           4   40[COMRAM] int 
  eptr            2   44[COMRAM] PTR int 
		 -> log@exponent(2), floor@expon(2), 
 Auto vars:     Size  Location     Type
		None
 Return value:  Size  Location     Type
                  4   40[COMRAM] PTR int 
 Registers used:
[...]
      Totals:         9       0       0       0       0       0       0
Total ram usage:        9 bytes
 Hardware stack levels used:    1
 This function calls:
		Nothing
 This function is called by:
		_sprintf
 This function uses a non-reentrant model


 *************** function ___lldiv *****************
 Defined at:
		line 7 in file "C:\Program Files (x86)\Microchip\xc8\v2.10\pic\sources\c90\common\__lldiv.c"
 Parameters:    Size  Location     Type
  dividend        4    0[COMRAM] unsigned long 
  divisor         4    4[COMRAM] unsigned long 
 Auto vars:     Size  Location     Type
  quotient        4    8[COMRAM] unsigned long 
  counter         1   12[COMRAM] unsigned char 
 Return value:  Size  Location     Type
                  4    0[COMRAM] unsigned long 
 Registers used:
		wreg, status,2, status,0
 Tracked objects:
		On entry : 
		On exit  : 
		Unchanged: 
 Data sizes:     COMRAM   BANK0   BANK1   BANK2   BANK3   BANK4   BANK5
      Params:         8       0       0       0       0       0       0
      Locals:         5       0       0       0       0       0       0
      Temps:          0       0       0       0       0       0       0
      Totals:        13       0       0       0       0       0       0
Total ram usage:       13 bytes
 Hardware stack levels used:    1
 This function calls:
		Nothing
 This function is called by:
		_sprintf
 This function uses a non-reentrant model


 *************** function ___fltol *****************
 Defined at:
		line 43 in file "C:\Program Files (x86)\Microchip\xc8\v2.10\pic\sources\c90\common\fltol.c"
 Parameters:    Size  Location     Type
  f1              4   82[COMRAM] unsigned long 
 Auto vars:     Size  Location     Type
  exp1            1   91[COMRAM] unsigned char 
  sign1           1   90[COMRAM] unsigned char 
 Return value:  Size  Location     Type
                  4   82[COMRAM] long 
 Registers used:
		wreg, status,2, status,0
 Tracked objects:
		On entry : 
		On exit  : 
		Unchanged: 
 Data sizes:     COMRAM   BANK0   BANK1   BANK2   BANK3   BANK4   BANK5
      Params:         4       0       0       0       0       0       0
      Locals:         2       0       0       0       0       0       0
      Temps:          4       0       0       0       0       0       0
      Totals:        10       0       0       0       0       0       0
Total ram usage:       10 bytes
 Hardware stack levels used:    1
 This function calls:
		Nothing
 This function is called by:
		_main
		_sprintf
		_pow
		_exp
		_floor
 This function uses a non-reentrant model


 *************** function ___flsub *****************
 Defined at:
		line 245 in file "C:\Program Files (x86)\Microchip\xc8\v2.10\pic\sources\c90\common\sprcadd.c"
 Parameters:    Size  Location     Type
  b               4  102[COMRAM] long 
  a               4  106[COMRAM] long 
 Auto vars:     Size  Location     Type
		None
 Return value:  Size  Location     Type
                  4  102[COMRAM] long 
 Registers used:
		wreg, status,2, status,0, cstack
 Tracked objects:
		On entry : 
		On exit  : 
		Unchanged: 
 Data sizes:     COMRAM   BANK0   BANK1   BANK2   BANK3   BANK4   BANK5
      Params:         8       0       0       0       0       0       0
      Locals:         0       0       0       0       0       0       0
      Temps:          0       0       0       0       0       0       0
      Totals:         8       0       0       0       0       0       0
Total ram usage:        8 bytes
 Hardware stack levels used:    1
 Hardware stack levels required when called:    1
 This function calls:
		___fladd
 This function is called by:
		_sprintf
		_exp
 This function uses a non-reentrant model


 *************** function ___fladd *****************
 Defined at:
		line 10 in file "C:\Program Files (x86)\Microchip\xc8\v2.10\pic\sources\c90\common\sprcadd.c"
 Parameters:    Size  Location     Type
  b               4   86[COMRAM] long 
  a               4   90[COMRAM] long 
 Auto vars:     Size  Location     Type
  grs             1  101[COMRAM] unsigned char 
  bexp            1  100[COMRAM] unsigned char 
  aexp            1   99[COMRAM] unsigned char 
  signs           1   98[COMRAM] unsigned char 
 Return value:  Size  Location     Type
                  4   86[COMRAM] unsigned char 
 Registers used:
		wreg, status,2, status,0
 Tracked objects:
		On entry : 
		On exit  : 
		Unchanged: 
 Data sizes:     COMRAM   BANK0   BANK1   BANK2   BANK3   BANK4   BANK5
      Params:         8       0       0       0       0       0       0
      Locals:         4       0       0       0       0       0       0
      Temps:          4       0       0       0       0       0       0
      Totals:        16       0       0       0       0       0       0
Total ram usage:       16 bytes
 Hardware stack levels used:    1
 This function calls:
		Nothing
 This function is called by:
		_sprintf
		___flsub
		_floor
		_log
		_eval_poly
 This function uses a non-reentrant model


 *************** function ___flneg *****************
 Defined at:
		line 15 in file "C:\Program Files (x86)\Microchip\xc8\v2.10\pic\sources\c90\common\flneg.c"
 Parameters:    Size  Location     Type
  f1              4    0[COMRAM] unsigned char 
 Auto vars:     Size  Location     Type
		None
 Return value:  Size  Location     Type
                  4    0[COMRAM] unsigned char 
 Registers used:
		wreg, status,2, status,0
 Tracked objects:
		On entry : 
		On exit  : 
		Unchanged: 
 Data sizes:     COMRAM   BANK0   BANK1   BANK2   BANK3   BANK4   BANK5
      Params:         4       0       0       0       0       0       0
      Locals:         0       0       0       0       0       0       0
      Temps:          0       0       0       0       0       0       0
      Totals:         4       0       0       0       0       0       0
Total ram usage:        4 bytes
 Hardware stack levels used:    1
 This function calls:
		Nothing
 This function is called by:
		_sprintf
		_pow
		_exp
 This function uses a non-reentrant model


 *************** function ___flge *****************
 Defined at:
		line 4 in file "C:\Program Files (x86)\Microchip\xc8\v2.10\pic\sources\c90\common\flge.c"
 Parameters:    Size  Location     Type
  ff1             4    0[COMRAM] unsigned char 
  ff2             4    4[COMRAM] unsigned char 
 Auto vars:     Size  Location     Type
		None
 Return value:  Size  Location     Type
		None               void
 Registers used:
		wreg, status,2, status,0
 Tracked objects:
		On entry : 
		On exit  : 
		Unchanged: 
 Data sizes:     COMRAM   BANK0   BANK1   BANK2   BANK3   BANK4   BANK5
      Params:         8       0       0       0       0       0       0
      Locals:         0       0       0       0       0       0       0
      Temps:          4       0       0       0       0       0       0
      Totals:        12       0       0       0       0       0       0
Total ram usage:       12 bytes
 Hardware stack levels used:    1
 This function calls:
		Nothing
 This function is called by:
		_sprintf
		_pow
		_exp
		_floor
 This function uses a non-reentrant model


 *************** function ___fleq *****************
 Defined at:
		line 4 in file "C:\Program Files (x86)\Microchip\xc8\v2.10\pic\sources\c90\common\fleq.c"
 Parameters:    Size  Location     Type
  ff1             4   28[COMRAM] unsigned char 
  ff2             4   32[COMRAM] unsigned char 
 Auto vars:     Size  Location     Type
		None
 Return value:  Size  Location     Type
		None               void
 Registers used:
		wreg, status,2, status,0
 Tracked objects:
		On entry : 
		On exit  : 
		Unchanged: 
 Data sizes:     COMRAM   BANK0   BANK1   BANK2   BANK3   BANK4   BANK5
      Params:         8       0       0       0       0       0       0
      Locals:         0       0       0       0       0       0       0
      Temps:          4       0       0       0       0       0       0
      Totals:        12       0       0       0       0       0       0
Total ram usage:       12 bytes
 Hardware stack levels used:    1
 This function calls:
		Nothing
 This function is called by:
		_sprintf
		_pow
		_exp
		_frexp
		_ldexp
		_log
 This function uses a non-reentrant model


 *************** function _ins_LCD *****************
 Defined at:
		line 454 in file "CalculadoraLCD.c"
 Parameters:    Size  Location     Type
  dato            1    wreg     unsigned char 
 Auto vars:     Size  Location     Type
  dato            1    1[COMRAM] unsigned char 
 Return value:  Size  Location     Type
                  1    wreg      void 
 Registers used:
		wreg, cstack
 Tracked objects:
		On entry : 
		On exit  : 
		Unchanged: 
 Data sizes:     COMRAM   BANK0   BANK1   BANK2   BANK3   BANK4   BANK5
      Params:         0       0       0       0       0       0       0
      Locals:         1       0       0       0       0       0       0
      Temps:          1       0       0       0       0       0       0
      Totals:         2       0       0       0       0       0       0
Total ram usage:        2 bytes
 Hardware stack levels used:    1
 Hardware stack levels required when called:    1
 This function calls:
		_enable
 This function is called by:
		_main
		_nombresbaby
 This function uses a non-reentrant model


 *************** function _ini_LCD *****************
 Defined at:
		line 404 in file "CalculadoraLCD.c"
 Parameters:    Size  Location     Type
		None
 Auto vars:     Size  Location     Type
		None
 Return value:  Size  Location     Type
                  1    wreg      void 
 Registers used:
		wreg, status,2, cstack
 Tracked objects:
		On entry : 
		On exit  : 
		Unchanged: 
 Data sizes:     COMRAM   BANK0   BANK1   BANK2   BANK3   BANK4   BANK5
      Params:         0       0       0       0       0       0       0
      Locals:         0       0       0       0       0       0       0
      Temps:          1       0       0       0       0       0       0
      Totals:         1       0       0       0       0       0       0
Total ram usage:        1 bytes
 Hardware stack levels used:    1
 Hardware stack levels required when called:    1
 This function calls:
		_enable
 This function is called by:
		_main
 This function uses a non-reentrant model


 *************** function _enable *****************
 Defined at:
		line 437 in file "CalculadoraLCD.c"
 Parameters:    Size  Location     Type
		None
 Auto vars:     Size  Location     Type
		None
 Return value:  Size  Location     Type
                  1    wreg      void 
 Registers used:
		wreg
 Tracked objects:
		On entry : 
		On exit  : 
		Unchanged: 
 Data sizes:     COMRAM   BANK0   BANK1   BANK2   BANK3   BANK4   BANK5
      Params:         0       0       0       0       0       0       0
      Locals:         0       0       0       0       0       0       0
      Temps:          0       0       0       0       0       0       0
      Totals:         0       0       0       0       0       0       0
Total ram usage:        0 bytes
 Hardware stack levels used:    1
 This function calls:
		Nothing
 This function is called by:
		_ini_LCD
		_dato_LCD
		_ins_LCD
 This function uses a non-reentrant model


 *************** function _conf_puertos *****************
 Defined at:
		line 381 in file "CalculadoraLCD.c"
 Parameters:    Size  Location     Type
		None
 Auto vars:     Size  Location     Type
		None
 Return value:  Size  Location     Type
                  1    wreg      void 
 Registers used:
		wreg, status,2
 Tracked objects:
		On entry : 
		On exit  : 
		Unchanged: 
 Data sizes:     COMRAM   BANK0   BANK1   BANK2   BANK3   BANK4   BANK5
      Params:         0       0       0       0       0       0       0
      Locals:         0       0       0       0       0       0       0
      Temps:          0       0       0       0       0       0       0
      Totals:         0       0       0       0       0       0       0
Total ram usage:        0 bytes
 Hardware stack levels used:    1
 This function calls:
		Nothing
 This function is called by:
		_main
 This function uses a non-reentrant model


 *************** function ___lbdiv *****************
 Defined at:
		line 4 in file "C:\Program Files (x86)\Microchip\xc8\v2.10\pic\sources\c90\common\lbdiv.c"
 Parameters:    Size  Location     Type
  dividend        1    wreg     unsigned char 
  divisor         1    0[COMRAM] unsigned char 
 Auto vars:     Size  Location     Type
  dividend        1    1[COMRAM] unsigned char 
  quotient        1    3[COMRAM] unsigned char 
  counter         1    2[COMRAM] unsigned char 
 Return value:  Size  Location     Type
                  1    wreg      unsigned char 
 Registers used:
		wreg, status,2, status,0
 Tracked objects:
		On entry : 
		On exit  : 
		Unchanged: 
 Data sizes:     COMRAM   BANK0   BANK1   BANK2   BANK3   BANK4   BANK5
      Params:         1       0       0       0       0       0       0
      Locals:         3       0       0       0       0       0       0
      Temps:          0       0       0       0       0       0       0
      Totals:         4       0       0       0       0       0       0
Total ram usage:        4 bytes
 Hardware stack levels used:    1
 This function calls:
		Nothing
 This function is called by:
		_main
 This function uses a non-reentrant model



MODULE INFORMATION

Module		Function		Class		Link	Load	Size
C:\Program Files (x86)\Microchip\xc8\v2.10\pic\sources\c90\common\fleq.c
		___fleq        		CODE           	6A74	0000	195

C:\Program Files (x86)\Microchip\xc8\v2.10\pic\sources\c90\common\fleq.c estimated size: 195

C:\Program Files (x86)\Microchip\xc8\v2.10\pic\sources\c90\common\log.c
		_log           		CODE           	7712	0000	431

C:\Program Files (x86)\Microchip\xc8\v2.10\pic\sources\c90\common\log.c estimated size: 431

C:\Program Files (x86)\Microchip\xc8\v2.10\pic\sources\c90\common\lwdiv.c
		___lwdiv       		CODE           	6886	0000	143

C:\Program Files (x86)\Microchip\xc8\v2.10\pic\sources\c90\common\lwdiv.c estimated size: 143

C:\Program Files (x86)\Microchip\xc8\v2.10\pic\sources\c90\common\awdiv.c
		___awdiv       		CODE           	6CE8	0000	241

C:\Program Files (x86)\Microchip\xc8\v2.10\pic\sources\c90\common\awdiv.c estimated size: 241

C:\Program Files (x86)\Microchip\xc8\v2.10\pic\sources\c90\common\fltol.c
		___fltol       		CODE           	701A	0000	311

C:\Program Files (x86)\Microchip\xc8\v2.10\pic\sources\c90\common\fltol.c estimated size: 311

C:\Program Files (x86)\Microchip\xc8\v2.10\pic\sources\c90\common\ftdivl.c
		__tdiv_to_l_   		CODE           	7588	0000	395

C:\Program Files (x86)\Microchip\xc8\v2.10\pic\sources\c90\common\ftdivl.c estimated size: 395

C:\Program Files (x86)\Microchip\xc8\v2.10\pic\sources\c90\common\evalpoly.c
		_eval_poly     		CODE           	6DD8	0000	283

C:\Program Files (x86)\Microchip\xc8\v2.10\pic\sources\c90\common\evalpoly.c estimated size: 283

C:\Program Files (x86)\Microchip\xc8\v2.10\pic\sources\c90\common\Umul16.c
		___wmul        		CODE           	6570	0000	43

C:\Program Files (x86)\Microchip\xc8\v2.10\pic\sources\c90\common\Umul16.c estimated size: 43

C:\Program Files (x86)\Microchip\xc8\v2.10\pic\sources\c90\common\pow.c
		_pow           		CODE           	0010	0000	651

C:\Program Files (x86)\Microchip\xc8\v2.10\pic\sources\c90\common\pow.c estimated size: 651

C:\Program Files (x86)\Microchip\xc8\v2.10\pic\sources\c90\common\fldivl.c
		__div_to_l_    		CODE           	7408	0000	385

C:\Program Files (x86)\Microchip\xc8\v2.10\pic\sources\c90\common\fldivl.c estimated size: 385

C:\Program Files (x86)\Microchip\xc8\v2.10\pic\sources\c90\common\sprcmul.c
		___flmul       		CODE           	12CC	0000	1189

C:\Program Files (x86)\Microchip\xc8\v2.10\pic\sources\c90\common\sprcmul.c estimated size: 1189

C:\Program Files (x86)\Microchip\xc8\v2.10\pic\sources\c90\common\__lldiv.c
		___lldiv       		CODE           	69B6	0000	191

C:\Program Files (x86)\Microchip\xc8\v2.10\pic\sources\c90\common\__lldiv.c estimated size: 191

C:\Program Files (x86)\Microchip\xc8\v2.10\pic\sources\c90\common\sprcdiv.c
		___fldiv       		CODE           	05B0	0000	1075

C:\Program Files (x86)\Microchip\xc8\v2.10\pic\sources\c90\common\sprcdiv.c estimated size: 1075

C:\Program Files (x86)\Microchip\xc8\v2.10\pic\sources\c90\common\flneg.c
		___flneg       		CODE           	6652	0000	67

C:\Program Files (x86)\Microchip\xc8\v2.10\pic\sources\c90\common\flneg.c estimated size: 67

CalculadoraLCD.c
		_ini_LCD       		CODE           	6720	0000	115
		_nombresbaby   		CODE           	09E2	0000	1115
		_main          		CODE           	28C4	0000	5949
		_dato_LCD      		CODE           	654C	0000	37
		_enable        		CODE           	6514	0000	21
		_conf_puertos  		CODE           	659A	0000	59
		_ins_LCD       		CODE           	6528	0000	37
		_write_LCD     		CODE           	65D4	0000	63

CalculadoraLCD.c estimated size: 7396

C:\Program Files (x86)\Microchip\xc8\v2.10\pic\sources\c90\common\lbdiv.c
		___lbdiv       		CODE           	6792	0000	119

C:\Program Files (x86)\Microchip\xc8\v2.10\pic\sources\c90\common\lbdiv.c estimated size: 119

C:\Program Files (x86)\Microchip\xc8\v2.10\pic\sources\c90\common\flge.c
		___flge        		CODE           	6EF2	0000	297

C:\Program Files (x86)\Microchip\xc8\v2.10\pic\sources\c90\common\flge.c estimated size: 297

C:\Program Files (x86)\Microchip\xc8\v2.10\pic\sources\c90\common\xxtofl.c
		___xxtofl      		CODE           	78C0	0000	505

C:\Program Files (x86)\Microchip\xc8\v2.10\pic\sources\c90\common\xxtofl.c estimated size: 505

shared
		exp@coeff      		MEDIUMCONST    	7E05	0000	41
		__powers_      		MEDIUMCONST    	7D9D	0000	53
		_dpowers       		MEDIUMCONST    	7E2D	0000	41
		__npowers_     		MEDIUMCONST    	7DD1	0000	53
		__initialization		CODE           	6694	0000	57
		log@coeff      		MEDIUMCONST    	7E55	0000	37

shared estimated size: 282

C:\Program Files (x86)\Microchip\xc8\v2.10\pic\sources\c90\common\lwmod.c
		___lwmod       		CODE           	6808	0000	127

C:\Program Files (x86)\Microchip\xc8\v2.10\pic\sources\c90\common\lwmod.c estimated size: 127

C:\Program Files (x86)\Microchip\xc8\v2.10\pic\sources\c90\common\awmod.c
		___awmod       		CODE           	6C0C	0000	221

C:\Program Files (x86)\Microchip\xc8\v2.10\pic\sources\c90\common\awmod.c estimated size: 221

C:\Program Files (x86)\Microchip\xc8\v2.10\pic\sources\c90\common\exp.c
		_exp           		CODE           	029A	0000	791

C:\Program Files (x86)\Microchip\xc8\v2.10\pic\sources\c90\common\exp.c estimated size: 791

C:\Program Files (x86)\Microchip\xc8\v2.10\pic\sources\c90\common\isdigit.c
		_isdigit       		CODE           	6612	0000	65

C:\Program Files (x86)\Microchip\xc8\v2.10\pic\sources\c90\common\isdigit.c estimated size: 65

C:\Program Files (x86)\Microchip\xc8\v2.10\pic\sources\c90\common\llmod.c
		___llmod       		CODE           	6914	0000	163

C:\Program Files (x86)\Microchip\xc8\v2.10\pic\sources\c90\common\llmod.c estimated size: 163

C:\Program Files (x86)\Microchip\xc8\v2.10\pic\sources\c90\common\sprcadd.c
		___flsub       		CODE           	66D6	0000	75
		___fladd       		CODE           	1770	0000	1449

C:\Program Files (x86)\Microchip\xc8\v2.10\pic\sources\c90\common\sprcadd.c estimated size: 1524

C:\Program Files (x86)\Microchip\xc8\v2.10\pic\sources\c90\common\doprnt.c
		_scale         		CODE           	0E3C	0000	1169
		_sprintf       		CODE           	1D18	0000	2989
		_fround        		CODE           	7AB8	0000	741

C:\Program Files (x86)\Microchip\xc8\v2.10\pic\sources\c90\common\doprnt.c estimated size: 4899

C:\Program Files (x86)\Microchip\xc8\v2.10\pic\sources\c90\common\frexp.c
		_ldexp         		CODE           	7150	0000	347
		_frexp         		CODE           	6B36	0000	215

C:\Program Files (x86)\Microchip\xc8\v2.10\pic\sources\c90\common\frexp.c estimated size: 562

C:\Program Files (x86)\Microchip\xc8\v2.10\pic\sources\c90\common\floor.c
		_floor         		CODE           	72AA	0000	351

C:\Program Files (x86)\Microchip\xc8\v2.10\pic\sources\c90\common\floor.c estimated size: 351

